MPLINK 3.80, Linker
Linker Map File - Created Fri Feb 11 15:18:07 2005

                                 Section Info
                  Section       Type    Address   Location Size(Bytes)
                ---------  ---------  ---------  ---------  ---------
                  STARTUP       code   0x000000    program   0x000002
                   .org_0       code   0x000004    program   0x000002
                   Tables       code   0x000005    program   0x0000ec
                   .cinit    romdata   0x00007b    program   0x000004
                    .code       code   0x00007d    program   0x0005ec
                  .config       code   0x002007    program   0x000002
                   .udata      udata   0x000120       data   0x00001e



                              Program Memory Usage 
                               Start         End      
                           ---------   ---------      
                            0x000000    0x000000      
                            0x000004    0x000372      
                            0x002007    0x002007      
            881 out of 2181 program addresses used, program memory utilization is 40%



                              Symbols - Sorted by Name
                     Name    Address   Location    Storage File                     
                ---------  ---------  ---------  --------- ---------                
               Initialize   0x0000cb    program     extern H:\PIC\CWreadr\CWinit.asm
                  ag_parm   0x00033d    program     extern H:\PIC\CWreadr\CWdecode.asm
                  agsped1   0x0002d7    program     static H:\PIC\CWreadr\CWrate.asm
                  agsped2   0x0002d9    program     static H:\PIC\CWreadr\CWrate.asm
                  agspeed   0x0002ce    program     extern H:\PIC\CWreadr\CWrate.asm
                  c_minof   0x000367    program     extern H:\PIC\CWreadr\CWdecode.asm
                  c_minon   0x00035b    program     extern H:\PIC\CWreadr\CWdecode.asm
                   cmdlcd   0x000141    program     extern H:\PIC\CWreadr\CWlcd.asm 
                  conve01   0x00017d    program     static H:\PIC\CWreadr\CWbinasc.asm
                  conve02   0x000182    program     static H:\PIC\CWreadr\CWbinasc.asm
                  conve10   0x000184    program     static H:\PIC\CWreadr\CWbinasc.asm
                  conve11   0x000189    program     static H:\PIC\CWreadr\CWbinasc.asm
                  conve12   0x00018e    program     static H:\PIC\CWreadr\CWbinasc.asm
                  conve20   0x000190    program     static H:\PIC\CWreadr\CWbinasc.asm
                  convert   0x000179    program     extern H:\PIC\CWreadr\CWbinasc.asm
                  cw_rate   0x0002ba    program     extern H:\PIC\CWreadr\CWrate.asm
                 cw_rate1   0x0002cb    program     static H:\PIC\CWreadr\CWrate.asm
                   dec_sg   0x00030b    program     extern H:\PIC\CWreadr\CWdecode.asm
                  dec_sg1   0x000313    program     static H:\PIC\CWreadr\CWdecode.asm
                  dec_sg2   0x00031b    program     static H:\PIC\CWreadr\CWdecode.asm
                  dec_sg3   0x000323    program     static H:\PIC\CWreadr\CWdecode.asm
                  dec_sg4   0x00032b    program     static H:\PIC\CWreadr\CWdecode.asm
                  dec_sg5   0x000333    program     static H:\PIC\CWreadr\CWdecode.asm
                  dec_sg6   0x00033b    program     static H:\PIC\CWreadr\CWdecode.asm
                    decod   0x0002db    program     extern H:\PIC\CWreadr\CWdecode.asm
                   decod1   0x0002e0    program     static H:\PIC\CWreadr\CWdecode.asm
                  decod15   0x0002f2    program     static H:\PIC\CWreadr\CWdecode.asm
                   decod3   0x0002e6    program     static H:\PIC\CWreadr\CWdecode.asm
                  decod31   0x0002f8    program     static H:\PIC\CWreadr\CWdecode.asm
                  decod63   0x0002fe    program     static H:\PIC\CWreadr\CWdecode.asm
                   decod7   0x0002ec    program     static H:\PIC\CWreadr\CWdecode.asm
                    del05   0x000101    program     extern H:\PIC\CWreadr\CWdelay.asm
                   del051   0x000103    program     static H:\PIC\CWreadr\CWdelay.asm
                   del052   0x000105    program     static H:\PIC\CWreadr\CWdelay.asm
                    del50   0x0000f7    program     extern H:\PIC\CWreadr\CWdelay.asm
                    del51   0x0000f9    program     static H:\PIC\CWreadr\CWdelay.asm
                    del52   0x0000fb    program     static H:\PIC\CWreadr\CWdelay.asm
                    delcd   0x00010b    program     extern H:\PIC\CWreadr\CWdelay.asm
                   delcd1   0x00010d    program     static H:\PIC\CWreadr\CWdelay.asm
                  dispar1   0x000086    program     static H:\PIC\CWreadr\CWreadr.asm
                  disparm   0x000085    program     static H:\PIC\CWreadr\CWreadr.asm
                    displ   0x000286    program     extern H:\PIC\CWreadr\CWshospd.asm
                   displ0   0x00028b    program     static H:\PIC\CWreadr\CWshospd.asm
                   displ1   0x000297    program     static H:\PIC\CWreadr\CWshospd.asm
                   dividi   0x000168    program     extern H:\PIC\CWreadr\CWmuldiv.asm
                  dividi1   0x000169    program     static H:\PIC\CWreadr\CWmuldiv.asm
                  en_ordf   0x000258    program     static H:\PIC\CWreadr\CWsort.asm
                  en_ordn   0x000239    program     static H:\PIC\CWreadr\CWsort.asm
                  end_mof   0x000372    program     static H:\PIC\CWreadr\CWdecode.asm
                  end_mon   0x000366    program     static H:\PIC\CWreadr\CWdecode.asm
                   end_sg   0x00033c    program     static H:\PIC\CWreadr\CWdecode.asm
                    endcd   0x000111    program     static H:\PIC\CWreadr\CWdelay.asm
                  endcmlc   0x00014d    program     static H:\PIC\CWreadr\CWlcd.asm 
                  endconv   0x000196    program     static H:\PIC\CWreadr\CWbinasc.asm
                   enddiv   0x000178    program     static H:\PIC\CWreadr\CWmuldiv.asm
                  endecod   0x000305    program     static H:\PIC\CWreadr\CWdecode.asm
                   endl05   0x00010a    program     static H:\PIC\CWreadr\CWdelay.asm
                   endl50   0x000100    program     static H:\PIC\CWreadr\CWdelay.asm
                   endlcd   0x000137    program     static H:\PIC\CWreadr\CWlcd.asm 
                  endmolt   0x000167    program     static H:\PIC\CWreadr\CWmuldiv.asm
                  endpanl   0x000285    program     static H:\PIC\CWreadr\CWwelcome.asm
                  endsend   0x000140    program     static H:\PIC\CWreadr\CWlcd.asm 
                  endtb_a   0x00000c    program     static H:\PIC\CWreadr\CWtables.asm
                  endtb_b   0x000017    program     static H:\PIC\CWreadr\CWtables.asm
                  endtb_c   0x00002a    program     static H:\PIC\CWreadr\CWtables.asm
                  endtb_d   0x000045    program     static H:\PIC\CWreadr\CWtables.asm
                  endtb_e   0x000064    program     static H:\PIC\CWreadr\CWtables.asm
                  endtb_f   0x00007b    program     static H:\PIC\CWreadr\CWtables.asm
                  endwrlc   0x00015a    program     static H:\PIC\CWreadr\CWlcd.asm 
                   inilcd   0x000112    program     extern H:\PIC\CWreadr\CWlcd.asm 
                   main00   0x00007d    program     static H:\PIC\CWreadr\CWreadr.asm
                   main10   0x000080    program     static H:\PIC\CWreadr\CWreadr.asm
                   main15   0x000081    program     static H:\PIC\CWreadr\CWreadr.asm
                   main20   0x000089    program     static H:\PIC\CWreadr\CWreadr.asm
                   moltip   0x00015b    program     extern H:\PIC\CWreadr\CWmuldiv.asm
                  moltip1   0x00015f    program     static H:\PIC\CWreadr\CWmuldiv.asm
                  moltip2   0x000165    program     static H:\PIC\CWreadr\CWmuldiv.asm
                  nodecod   0x000304    program     static H:\PIC\CWreadr\CWdecode.asm
                   ord_of   0x00023a    program     extern H:\PIC\CWreadr\CWsort.asm
                  ord_of1   0x000244    program     static H:\PIC\CWreadr\CWsort.asm
                  ord_of2   0x00024e    program     static H:\PIC\CWreadr\CWsort.asm
                   ord_on   0x00021b    program     extern H:\PIC\CWreadr\CWsort.asm
                  ord_on1   0x000225    program     static H:\PIC\CWreadr\CWsort.asm
                  ord_on2   0x00022f    program     static H:\PIC\CWreadr\CWsort.asm
                    panel   0x000259    program     extern H:\PIC\CWreadr\CWwelcome.asm
                    ric_a   0x000197    program     extern H:\PIC\CWreadr\CWtabsrch.asm
                   ric_a1   0x000198    program     static H:\PIC\CWreadr\CWtabsrch.asm
                   ric_a2   0x0001a1    program     static H:\PIC\CWreadr\CWtabsrch.asm
                   ric_a3   0x0001a8    program     static H:\PIC\CWreadr\CWtabsrch.asm
                   ric_a4   0x0001ab    program     static H:\PIC\CWreadr\CWtabsrch.asm
                    ric_b   0x0001ad    program     extern H:\PIC\CWreadr\CWtabsrch.asm
                   ric_b1   0x0001ae    program     static H:\PIC\CWreadr\CWtabsrch.asm
                   ric_b2   0x0001b7    program     static H:\PIC\CWreadr\CWtabsrch.asm
                   ric_b3   0x0001be    program     static H:\PIC\CWreadr\CWtabsrch.asm
                   ric_b4   0x0001c1    program     static H:\PIC\CWreadr\CWtabsrch.asm
                    ric_c   0x0001c3    program     extern H:\PIC\CWreadr\CWtabsrch.asm
                   ric_c1   0x0001c4    program     static H:\PIC\CWreadr\CWtabsrch.asm
                   ric_c2   0x0001cd    program     static H:\PIC\CWreadr\CWtabsrch.asm
                   ric_c3   0x0001d4    program     static H:\PIC\CWreadr\CWtabsrch.asm
                   ric_c4   0x0001d7    program     static H:\PIC\CWreadr\CWtabsrch.asm
                    ric_d   0x0001d9    program     extern H:\PIC\CWreadr\CWtabsrch.asm
                   ric_d1   0x0001da    program     static H:\PIC\CWreadr\CWtabsrch.asm
                   ric_d2   0x0001e3    program     static H:\PIC\CWreadr\CWtabsrch.asm
                   ric_d3   0x0001ea    program     static H:\PIC\CWreadr\CWtabsrch.asm
                   ric_d4   0x0001ed    program     static H:\PIC\CWreadr\CWtabsrch.asm
                    ric_e   0x0001ef    program     extern H:\PIC\CWreadr\CWtabsrch.asm
                   ric_e1   0x0001f0    program     static H:\PIC\CWreadr\CWtabsrch.asm
                   ric_e2   0x0001f9    program     static H:\PIC\CWreadr\CWtabsrch.asm
                   ric_e3   0x000200    program     static H:\PIC\CWreadr\CWtabsrch.asm
                   ric_e4   0x000203    program     static H:\PIC\CWreadr\CWtabsrch.asm
                    ric_f   0x000205    program     extern H:\PIC\CWreadr\CWtabsrch.asm
                   ric_f1   0x000206    program     static H:\PIC\CWreadr\CWtabsrch.asm
                   ric_f2   0x00020f    program     static H:\PIC\CWreadr\CWtabsrch.asm
                   ric_f3   0x000216    program     static H:\PIC\CWreadr\CWtabsrch.asm
                   ric_f4   0x000219    program     static H:\PIC\CWreadr\CWtabsrch.asm
                  sendlc1   0x00013a    program     static H:\PIC\CWreadr\CWlcd.asm 
                  sendlcd   0x000138    program     extern H:\PIC\CWreadr\CWlcd.asm 
                  set_off   0x0000ac    program     static H:\PIC\CWreadr\CWreadr.asm
                   set_on   0x00008d    program     static H:\PIC\CWreadr\CWreadr.asm
                   st_off   0x0000a1    program     static H:\PIC\CWreadr\CWreadr.asm
                    st_on   0x00008b    program     static H:\PIC\CWreadr\CWreadr.asm
                    tab_a   0x000005    program     extern H:\PIC\CWreadr\CWtables.asm
                    tab_b   0x00000c    program     extern H:\PIC\CWreadr\CWtables.asm
                    tab_c   0x000017    program     extern H:\PIC\CWreadr\CWtables.asm
                    tab_d   0x00002a    program     extern H:\PIC\CWreadr\CWtables.asm
                    tab_e   0x000045    program     extern H:\PIC\CWreadr\CWtables.asm
                    tab_f   0x000064    program     extern H:\PIC\CWreadr\CWtables.asm
                      tmr   0x000004    program     static H:\PIC\CWreadr\CWinter.asm
                   tmrint   0x0000b7    program     extern H:\PIC\CWreadr\CWinter.asm
                  tmrint1   0x0000c3    program     static H:\PIC\CWreadr\CWinter.asm
                   wrtlcd   0x00014e    program     extern H:\PIC\CWreadr\CWlcd.asm 
                  bytelcd   0x000129       data     extern H:\PIC\CWreadr\CWlcd.asm 
                  cntchar   0x000136       data     extern H:\PIC\CWreadr\CWrate.asm
                  ctrsegn   0x00013d       data     extern H:\PIC\CWreadr\CWdecode.asm
                   pldata   0x000137       data     extern H:\PIC\CWreadr\CWdecode.asm
                    plval   0x000138       data     extern H:\PIC\CWreadr\CWdecode.asm
                     rit1   0x000127       data     static H:\PIC\CWreadr\CWdelay.asm
                     rit2   0x000128       data     static H:\PIC\CWreadr\CWdelay.asm
                   save_s   0x000122       data     static H:\PIC\CWreadr\CWinter.asm
                   save_w   0x000121       data     static H:\PIC\CWreadr\CWinter.asm
                    speed   0x000139       data     extern H:\PIC\CWreadr\CWdecode.asm
                  swinput   0x000120       data     extern H:\PIC\CWreadr\CWreadr.asm
                  timchr1   0x000125       data     extern H:\PIC\CWreadr\CWinter.asm
                  timchr2   0x000126       data     extern H:\PIC\CWreadr\CWinter.asm
                  timeoff   0x000124       data     extern H:\PIC\CWreadr\CWinter.asm
                   timeon   0x000123       data     extern H:\PIC\CWreadr\CWinter.asm
                  tmax_of   0x00013c       data     extern H:\PIC\CWreadr\CWdecode.asm
                  tmed_of   0x00013b       data     extern H:\PIC\CWreadr\CWdecode.asm
                  tmed_on   0x00013a       data     extern H:\PIC\CWreadr\CWdecode.asm
                 tmin1_of   0x000133       data     extern H:\PIC\CWreadr\CWsort.asm
                 tmin1_on   0x000130       data     extern H:\PIC\CWreadr\CWsort.asm
                 tmin2_of   0x000134       data     extern H:\PIC\CWreadr\CWsort.asm
                 tmin2_on   0x000131       data     extern H:\PIC\CWreadr\CWsort.asm
                 tmin3_of   0x000135       data     extern H:\PIC\CWreadr\CWsort.asm
                 tmin3_on   0x000132       data     extern H:\PIC\CWreadr\CWsort.asm
                   w_conv   0x00012f       data     extern H:\PIC\CWreadr\CWbinasc.asm
                  w_count   0x00012a       data     extern H:\PIC\CWreadr\CWmuldiv.asm
                   w_num1   0x00012b       data     extern H:\PIC\CWreadr\CWmuldiv.asm
                   w_num2   0x00012c       data     extern H:\PIC\CWreadr\CWmuldiv.asm
                   w_num3   0x00012d       data     extern H:\PIC\CWreadr\CWmuldiv.asm
                   w_num4   0x00012e       data     extern H:\PIC\CWreadr\CWmuldiv.asm



                              Symbols - Sorted by Address
                     Name    Address   Location    Storage File                     
                ---------  ---------  ---------  --------- ---------                
                      tmr   0x000004    program     static H:\PIC\CWreadr\CWinter.asm
                    tab_a   0x000005    program     extern H:\PIC\CWreadr\CWtables.asm
                  endtb_a   0x00000c    program     static H:\PIC\CWreadr\CWtables.asm
                    tab_b   0x00000c    program     extern H:\PIC\CWreadr\CWtables.asm
                    tab_c   0x000017    program     extern H:\PIC\CWreadr\CWtables.asm
                  endtb_b   0x000017    program     static H:\PIC\CWreadr\CWtables.asm
                    tab_d   0x00002a    program     extern H:\PIC\CWreadr\CWtables.asm
                  endtb_c   0x00002a    program     static H:\PIC\CWreadr\CWtables.asm
                    tab_e   0x000045    program     extern H:\PIC\CWreadr\CWtables.asm
                  endtb_d   0x000045    program     static H:\PIC\CWreadr\CWtables.asm
                    tab_f   0x000064    program     extern H:\PIC\CWreadr\CWtables.asm
                  endtb_e   0x000064    program     static H:\PIC\CWreadr\CWtables.asm
                  endtb_f   0x00007b    program     static H:\PIC\CWreadr\CWtables.asm
                   main00   0x00007d    program     static H:\PIC\CWreadr\CWreadr.asm
                   main10   0x000080    program     static H:\PIC\CWreadr\CWreadr.asm
                   main15   0x000081    program     static H:\PIC\CWreadr\CWreadr.asm
                  disparm   0x000085    program     static H:\PIC\CWreadr\CWreadr.asm
                  dispar1   0x000086    program     static H:\PIC\CWreadr\CWreadr.asm
                   main20   0x000089    program     static H:\PIC\CWreadr\CWreadr.asm
                    st_on   0x00008b    program     static H:\PIC\CWreadr\CWreadr.asm
                   set_on   0x00008d    program     static H:\PIC\CWreadr\CWreadr.asm
                   st_off   0x0000a1    program     static H:\PIC\CWreadr\CWreadr.asm
                  set_off   0x0000ac    program     static H:\PIC\CWreadr\CWreadr.asm
                   tmrint   0x0000b7    program     extern H:\PIC\CWreadr\CWinter.asm
                  tmrint1   0x0000c3    program     static H:\PIC\CWreadr\CWinter.asm
               Initialize   0x0000cb    program     extern H:\PIC\CWreadr\CWinit.asm
                    del50   0x0000f7    program     extern H:\PIC\CWreadr\CWdelay.asm
                    del51   0x0000f9    program     static H:\PIC\CWreadr\CWdelay.asm
                    del52   0x0000fb    program     static H:\PIC\CWreadr\CWdelay.asm
                   endl50   0x000100    program     static H:\PIC\CWreadr\CWdelay.asm
                    del05   0x000101    program     extern H:\PIC\CWreadr\CWdelay.asm
                   del051   0x000103    program     static H:\PIC\CWreadr\CWdelay.asm
                   del052   0x000105    program     static H:\PIC\CWreadr\CWdelay.asm
                   endl05   0x00010a    program     static H:\PIC\CWreadr\CWdelay.asm
                    delcd   0x00010b    program     extern H:\PIC\CWreadr\CWdelay.asm
                   delcd1   0x00010d    program     static H:\PIC\CWreadr\CWdelay.asm
                    endcd   0x000111    program     static H:\PIC\CWreadr\CWdelay.asm
                   inilcd   0x000112    program     extern H:\PIC\CWreadr\CWlcd.asm 
                   endlcd   0x000137    program     static H:\PIC\CWreadr\CWlcd.asm 
                  sendlcd   0x000138    program     extern H:\PIC\CWreadr\CWlcd.asm 
                  sendlc1   0x00013a    program     static H:\PIC\CWreadr\CWlcd.asm 
                  endsend   0x000140    program     static H:\PIC\CWreadr\CWlcd.asm 
                   cmdlcd   0x000141    program     extern H:\PIC\CWreadr\CWlcd.asm 
                  endcmlc   0x00014d    program     static H:\PIC\CWreadr\CWlcd.asm 
                   wrtlcd   0x00014e    program     extern H:\PIC\CWreadr\CWlcd.asm 
                  endwrlc   0x00015a    program     static H:\PIC\CWreadr\CWlcd.asm 
                   moltip   0x00015b    program     extern H:\PIC\CWreadr\CWmuldiv.asm
                  moltip1   0x00015f    program     static H:\PIC\CWreadr\CWmuldiv.asm
                  moltip2   0x000165    program     static H:\PIC\CWreadr\CWmuldiv.asm
                  endmolt   0x000167    program     static H:\PIC\CWreadr\CWmuldiv.asm
                   dividi   0x000168    program     extern H:\PIC\CWreadr\CWmuldiv.asm
                  dividi1   0x000169    program     static H:\PIC\CWreadr\CWmuldiv.asm
                   enddiv   0x000178    program     static H:\PIC\CWreadr\CWmuldiv.asm
                  convert   0x000179    program     extern H:\PIC\CWreadr\CWbinasc.asm
                  conve01   0x00017d    program     static H:\PIC\CWreadr\CWbinasc.asm
                  conve02   0x000182    program     static H:\PIC\CWreadr\CWbinasc.asm
                  conve10   0x000184    program     static H:\PIC\CWreadr\CWbinasc.asm
                  conve11   0x000189    program     static H:\PIC\CWreadr\CWbinasc.asm
                  conve12   0x00018e    program     static H:\PIC\CWreadr\CWbinasc.asm
                  conve20   0x000190    program     static H:\PIC\CWreadr\CWbinasc.asm
                  endconv   0x000196    program     static H:\PIC\CWreadr\CWbinasc.asm
                    ric_a   0x000197    program     extern H:\PIC\CWreadr\CWtabsrch.asm
                   ric_a1   0x000198    program     static H:\PIC\CWreadr\CWtabsrch.asm
                   ric_a2   0x0001a1    program     static H:\PIC\CWreadr\CWtabsrch.asm
                   ric_a3   0x0001a8    program     static H:\PIC\CWreadr\CWtabsrch.asm
                   ric_a4   0x0001ab    program     static H:\PIC\CWreadr\CWtabsrch.asm
                    ric_b   0x0001ad    program     extern H:\PIC\CWreadr\CWtabsrch.asm
                   ric_b1   0x0001ae    program     static H:\PIC\CWreadr\CWtabsrch.asm
                   ric_b2   0x0001b7    program     static H:\PIC\CWreadr\CWtabsrch.asm
                   ric_b3   0x0001be    program     static H:\PIC\CWreadr\CWtabsrch.asm
                   ric_b4   0x0001c1    program     static H:\PIC\CWreadr\CWtabsrch.asm
                    ric_c   0x0001c3    program     extern H:\PIC\CWreadr\CWtabsrch.asm
                   ric_c1   0x0001c4    program     static H:\PIC\CWreadr\CWtabsrch.asm
                   ric_c2   0x0001cd    program     static H:\PIC\CWreadr\CWtabsrch.asm
                   ric_c3   0x0001d4    program     static H:\PIC\CWreadr\CWtabsrch.asm
                   ric_c4   0x0001d7    program     static H:\PIC\CWreadr\CWtabsrch.asm
                    ric_d   0x0001d9    program     extern H:\PIC\CWreadr\CWtabsrch.asm
                   ric_d1   0x0001da    program     static H:\PIC\CWreadr\CWtabsrch.asm
                   ric_d2   0x0001e3    program     static H:\PIC\CWreadr\CWtabsrch.asm
                   ric_d3   0x0001ea    program     static H:\PIC\CWreadr\CWtabsrch.asm
                   ric_d4   0x0001ed    program     static H:\PIC\CWreadr\CWtabsrch.asm
                    ric_e   0x0001ef    program     extern H:\PIC\CWreadr\CWtabsrch.asm
                   ric_e1   0x0001f0    program     static H:\PIC\CWreadr\CWtabsrch.asm
                   ric_e2   0x0001f9    program     static H:\PIC\CWreadr\CWtabsrch.asm
                   ric_e3   0x000200    program     static H:\PIC\CWreadr\CWtabsrch.asm
                   ric_e4   0x000203    program     static H:\PIC\CWreadr\CWtabsrch.asm
                    ric_f   0x000205    program     extern H:\PIC\CWreadr\CWtabsrch.asm
                   ric_f1   0x000206    program     static H:\PIC\CWreadr\CWtabsrch.asm
                   ric_f2   0x00020f    program     static H:\PIC\CWreadr\CWtabsrch.asm
                   ric_f3   0x000216    program     static H:\PIC\CWreadr\CWtabsrch.asm
                   ric_f4   0x000219    program     static H:\PIC\CWreadr\CWtabsrch.asm
                   ord_on   0x00021b    program     extern H:\PIC\CWreadr\CWsort.asm
                  ord_on1   0x000225    program     static H:\PIC\CWreadr\CWsort.asm
                  ord_on2   0x00022f    program     static H:\PIC\CWreadr\CWsort.asm
                  en_ordn   0x000239    program     static H:\PIC\CWreadr\CWsort.asm
                   ord_of   0x00023a    program     extern H:\PIC\CWreadr\CWsort.asm
                  ord_of1   0x000244    program     static H:\PIC\CWreadr\CWsort.asm
                  ord_of2   0x00024e    program     static H:\PIC\CWreadr\CWsort.asm
                  en_ordf   0x000258    program     static H:\PIC\CWreadr\CWsort.asm
                    panel   0x000259    program     extern H:\PIC\CWreadr\CWwelcome.asm
                  endpanl   0x000285    program     static H:\PIC\CWreadr\CWwelcome.asm
                    displ   0x000286    program     extern H:\PIC\CWreadr\CWshospd.asm
                   displ0   0x00028b    program     static H:\PIC\CWreadr\CWshospd.asm
                   displ1   0x000297    program     static H:\PIC\CWreadr\CWshospd.asm
                  cw_rate   0x0002ba    program     extern H:\PIC\CWreadr\CWrate.asm
                 cw_rate1   0x0002cb    program     static H:\PIC\CWreadr\CWrate.asm
                  agspeed   0x0002ce    program     extern H:\PIC\CWreadr\CWrate.asm
                  agsped1   0x0002d7    program     static H:\PIC\CWreadr\CWrate.asm
                  agsped2   0x0002d9    program     static H:\PIC\CWreadr\CWrate.asm
                    decod   0x0002db    program     extern H:\PIC\CWreadr\CWdecode.asm
                   decod1   0x0002e0    program     static H:\PIC\CWreadr\CWdecode.asm
                   decod3   0x0002e6    program     static H:\PIC\CWreadr\CWdecode.asm
                   decod7   0x0002ec    program     static H:\PIC\CWreadr\CWdecode.asm
                  decod15   0x0002f2    program     static H:\PIC\CWreadr\CWdecode.asm
                  decod31   0x0002f8    program     static H:\PIC\CWreadr\CWdecode.asm
                  decod63   0x0002fe    program     static H:\PIC\CWreadr\CWdecode.asm
                  nodecod   0x000304    program     static H:\PIC\CWreadr\CWdecode.asm
                  endecod   0x000305    program     static H:\PIC\CWreadr\CWdecode.asm
                   dec_sg   0x00030b    program     extern H:\PIC\CWreadr\CWdecode.asm
                  dec_sg1   0x000313    program     static H:\PIC\CWreadr\CWdecode.asm
                  dec_sg2   0x00031b    program     static H:\PIC\CWreadr\CWdecode.asm
                  dec_sg3   0x000323    program     static H:\PIC\CWreadr\CWdecode.asm
                  dec_sg4   0x00032b    program     static H:\PIC\CWreadr\CWdecode.asm
                  dec_sg5   0x000333    program     static H:\PIC\CWreadr\CWdecode.asm
                  dec_sg6   0x00033b    program     static H:\PIC\CWreadr\CWdecode.asm
                   end_sg   0x00033c    program     static H:\PIC\CWreadr\CWdecode.asm
                  ag_parm   0x00033d    program     extern H:\PIC\CWreadr\CWdecode.asm
                  c_minon   0x00035b    program     extern H:\PIC\CWreadr\CWdecode.asm
                  end_mon   0x000366    program     static H:\PIC\CWreadr\CWdecode.asm
                  c_minof   0x000367    program     extern H:\PIC\CWreadr\CWdecode.asm
                  end_mof   0x000372    program     static H:\PIC\CWreadr\CWdecode.asm
                  swinput   0x000120       data     extern H:\PIC\CWreadr\CWreadr.asm
                   save_w   0x000121       data     static H:\PIC\CWreadr\CWinter.asm
                   save_s   0x000122       data     static H:\PIC\CWreadr\CWinter.asm
                   timeon   0x000123       data     extern H:\PIC\CWreadr\CWinter.asm
                  timeoff   0x000124       data     extern H:\PIC\CWreadr\CWinter.asm
                  timchr1   0x000125       data     extern H:\PIC\CWreadr\CWinter.asm
                  timchr2   0x000126       data     extern H:\PIC\CWreadr\CWinter.asm
                     rit1   0x000127       data     static H:\PIC\CWreadr\CWdelay.asm
                     rit2   0x000128       data     static H:\PIC\CWreadr\CWdelay.asm
                  bytelcd   0x000129       data     extern H:\PIC\CWreadr\CWlcd.asm 
                  w_count   0x00012a       data     extern H:\PIC\CWreadr\CWmuldiv.asm
                   w_num1   0x00012b       data     extern H:\PIC\CWreadr\CWmuldiv.asm
                   w_num2   0x00012c       data     extern H:\PIC\CWreadr\CWmuldiv.asm
                   w_num3   0x00012d       data     extern H:\PIC\CWreadr\CWmuldiv.asm
                   w_num4   0x00012e       data     extern H:\PIC\CWreadr\CWmuldiv.asm
                   w_conv   0x00012f       data     extern H:\PIC\CWreadr\CWbinasc.asm
                 tmin1_on   0x000130       data     extern H:\PIC\CWreadr\CWsort.asm
                 tmin2_on   0x000131       data     extern H:\PIC\CWreadr\CWsort.asm
                 tmin3_on   0x000132       data     extern H:\PIC\CWreadr\CWsort.asm
                 tmin1_of   0x000133       data     extern H:\PIC\CWreadr\CWsort.asm
                 tmin2_of   0x000134       data     extern H:\PIC\CWreadr\CWsort.asm
                 tmin3_of   0x000135       data     extern H:\PIC\CWreadr\CWsort.asm
                  cntchar   0x000136       data     extern H:\PIC\CWreadr\CWrate.asm
                   pldata   0x000137       data     extern H:\PIC\CWreadr\CWdecode.asm
                    plval   0x000138       data     extern H:\PIC\CWreadr\CWdecode.asm
                    speed   0x000139       data     extern H:\PIC\CWreadr\CWdecode.asm
                  tmed_on   0x00013a       data     extern H:\PIC\CWreadr\CWdecode.asm
                  tmed_of   0x00013b       data     extern H:\PIC\CWreadr\CWdecode.asm
                  tmax_of   0x00013c       data     extern H:\PIC\CWreadr\CWdecode.asm
                  ctrsegn   0x00013d       data     extern H:\PIC\CWreadr\CWdecode.asm


